EternalVision@EternalVision MINGW64 /d/@research/cold-nilm (main)
$ source test_venv/Scripts/activate
(test_venv) 
EternalVision@EternalVision MINGW64 /d/@research/cold-nilm (main)
$ pip install -r test.txt 
Collecting librosa==0.11.0
  Using cached librosa-0.11.0-py3-none-any.whl (260 kB)
Collecting neptune-client==1.14.0
  Using cached neptune_client-1.14.0-py3-none-any.whl (487 kB)
Collecting pytorch-lightning==2.5.5
  Using cached pytorch_lightning-2.5.5-py3-none-any.whl (832 kB)
Collecting ray[tune]==2.50.1
  Using cached ray-2.50.1-cp310-cp310-win_amd64.whl (26.6 MB)
Collecting pathos==0.3.4
  Using cached pathos-0.3.4-py3-none-any.whl (82 kB)
Collecting lmfit==1.3.4
  Using cached lmfit-1.3.4-py3-none-any.whl (97 kB)
Collecting beartype==0.22.2
  Using cached beartype-0.22.2-py3-none-any.whl (1.3 MB)
Collecting numpy>=1.22.3
  Using cached numpy-2.2.6-cp310-cp310-win_amd64.whl (12.9 MB)
Collecting soxr>=0.3.2
  Using cached soxr-1.0.0-cp310-cp310-win_amd64.whl (173 kB)
Collecting audioread>=2.1.9
  Using cached audioread-3.0.1-py3-none-any.whl (23 kB)
Collecting scikit-learn>=1.1.0
  Using cached scikit_learn-1.7.2-cp310-cp310-win_amd64.whl (8.9 MB)
Collecting joblib>=1.0
  Using cached joblib-1.5.2-py3-none-any.whl (308 kB)
Collecting msgpack>=1.0
  Using cached msgpack-1.1.2-cp310-cp310-win_amd64.whl (71 kB)
Collecting lazy_loader>=0.1
  Using cached lazy_loader-0.4-py3-none-any.whl (12 kB)
Collecting numba>=0.51.0
  Using cached numba-0.62.1-cp310-cp310-win_amd64.whl (2.7 MB)
Collecting scipy>=1.6.0
  Using cached scipy-1.15.3-cp310-cp310-win_amd64.whl (41.3 MB)
Collecting decorator>=4.3.0
  Using cached decorator-5.2.1-py3-none-any.whl (9.2 kB)
Collecting soundfile>=0.12.1
  Using cached soundfile-0.13.1-py2.py3-none-win_amd64.whl (1.0 MB)
Collecting pooch>=1.1
  Using cached pooch-1.8.2-py3-none-any.whl (64 kB)
Collecting typing_extensions>=4.1.1
  Using cached typing_extensions-4.15.0-py3-none-any.whl (44 kB)
Collecting Pillow>=1.1.6
  Using cached pillow-12.0.0-cp310-cp310-win_amd64.whl (7.0 MB)
Collecting PyJWT
  Using cached PyJWT-2.10.1-py3-none-any.whl (22 kB)
Collecting oauthlib>=2.1.0
  Using cached oauthlib-3.3.1-py3-none-any.whl (160 kB)
Collecting requests>=2.20.0
  Using cached requests-2.32.5-py3-none-any.whl (64 kB)
Collecting requests-oauthlib>=1.0.0
  Using cached requests_oauthlib-2.0.0-py2.py3-none-any.whl (24 kB)
Collecting websocket-client!=1.0.0,>=0.35.0
  Using cached websocket_client-1.9.0-py3-none-any.whl (82 kB)
Collecting GitPython>=2.0.8
  Using cached gitpython-3.1.45-py3-none-any.whl (208 kB)
Collecting pandas
  Using cached pandas-2.3.3-cp310-cp310-win_amd64.whl (11.3 MB)
Collecting future>=0.17.1
  Using cached future-1.0.0-py3-none-any.whl (491 kB)
Collecting packaging
  Using cached packaging-25.0-py3-none-any.whl (66 kB)
Collecting bravado<12.0.0,>=11.0.0
  Using cached bravado-11.1.0-py2.py3-none-any.whl (37 kB)
Collecting urllib3
  Using cached urllib3-2.5.0-py3-none-any.whl (129 kB)
Collecting psutil
  Downloading psutil-7.1.1-cp37-abi3-win_amd64.whl (246 kB)
     ━━━━━━━━━━━━━━━━━━━━━━━━━━━━━━━━━━━━━━━━ 246.9/246.9 kB 409.5 kB/s eta 0:00:00
Collecting swagger-spec-validator>=2.7.4
  Using cached swagger_spec_validator-3.0.4-py2.py3-none-any.whl (28 kB)
Collecting click>=7.0
  Using cached click-8.3.0-py3-none-any.whl (107 kB)
Collecting boto3>=1.28.0
  Using cached boto3-1.40.55-py3-none-any.whl (139 kB)
Collecting six>=1.12.0
  Using cached six-1.17.0-py2.py3-none-any.whl (11 kB)
Collecting PyYAML>5.4
  Using cached pyyaml-6.0.3-cp310-cp310-win_amd64.whl (158 kB)
Collecting fsspec[http]>=2022.5.0
  Using cached fsspec-2025.9.0-py3-none-any.whl (199 kB)
Collecting tqdm>=4.57.0
  Using cached tqdm-4.67.1-py3-none-any.whl (78 kB)
Collecting torch>=2.1.0
  Using cached torch-2.9.0-cp310-cp310-win_amd64.whl (109.3 MB)
Collecting lightning-utilities>=0.10.0
  Using cached lightning_utilities-0.15.2-py3-none-any.whl (29 kB)
Collecting torchmetrics>0.7.0
  Using cached torchmetrics-1.8.2-py3-none-any.whl (983 kB)
Collecting protobuf>=3.20.3
  Using cached protobuf-6.33.0-cp310-abi3-win_amd64.whl (436 kB)
Collecting click>=7.0
  Using cached click-8.2.1-py3-none-any.whl (102 kB)
Collecting filelock
  Using cached filelock-3.20.0-py3-none-any.whl (16 kB)
Collecting jsonschema
  Using cached jsonschema-4.25.1-py3-none-any.whl (90 kB)
Collecting pyarrow>=9.0.0
  Using cached pyarrow-21.0.0-cp310-cp310-win_amd64.whl (26.2 MB)
Collecting tensorboardX>=1.9
  Using cached tensorboardx-2.6.4-py3-none-any.whl (87 kB)
Collecting ppft>=1.7.7
  Using cached ppft-1.7.7-py3-none-any.whl (56 kB)
Collecting multiprocess>=0.70.18
  Using cached multiprocess-0.70.18-py310-none-any.whl (134 kB)
Collecting pox>=0.3.6
  Using cached pox-0.3.6-py3-none-any.whl (29 kB)
Collecting dill>=0.4.0
  Using cached dill-0.4.0-py3-none-any.whl (119 kB)
Collecting asteval>=1.0
  Using cached asteval-1.0.6-py3-none-any.whl (22 kB)
Collecting uncertainties>=3.2.2
  Using cached uncertainties-3.2.3-py3-none-any.whl (60 kB)
Collecting jmespath<2.0.0,>=0.7.1
  Using cached jmespath-1.0.1-py3-none-any.whl (20 kB)
Collecting s3transfer<0.15.0,>=0.14.0
  Using cached s3transfer-0.14.0-py3-none-any.whl (85 kB)
Collecting botocore<1.41.0,>=1.40.55
  Using cached botocore-1.40.55-py3-none-any.whl (14.1 MB)
Collecting monotonic
  Using cached monotonic-1.6-py2.py3-none-any.whl (8.2 kB)
Collecting python-dateutil
  Using cached python_dateutil-2.9.0.post0-py2.py3-none-any.whl (229 kB)
Collecting bravado-core>=5.16.1
  Using cached bravado-core-6.1.1.tar.gz (63 kB)
  Preparing metadata (setup.py) ... done
Collecting simplejson
  Using cached simplejson-3.20.2-cp310-cp310-win_amd64.whl (76 kB)
Collecting colorama
  Using cached colorama-0.4.6-py2.py3-none-any.whl (25 kB)
Collecting aiohttp!=4.0.0a0,!=4.0.0a1
  Using cached aiohttp-3.13.1-cp310-cp310-win_amd64.whl (453 kB)
Collecting gitdb<5,>=4.0.1
  Using cached gitdb-4.0.12-py3-none-any.whl (62 kB)
Requirement already satisfied: setuptools in d:\@research\cold-nilm\test_venv\lib\site-packages (from lightning-utilities>=0.10.0->pytorch-lightning==2.5.5->-r test.txt (line 8)) (65.5.0)
Collecting llvmlite<0.46,>=0.45.0dev0
  Using cached llvmlite-0.45.1-cp310-cp310-win_amd64.whl (38.1 MB)
Collecting platformdirs>=2.5.0
  Using cached platformdirs-4.5.0-py3-none-any.whl (18 kB)
Collecting idna<4,>=2.5
  Using cached idna-3.11-py3-none-any.whl (71 kB)
Collecting certifi>=2017.4.17
  Using cached certifi-2025.10.5-py3-none-any.whl (163 kB)
Collecting charset_normalizer<4,>=2
  Using cached charset_normalizer-3.4.4-cp310-cp310-win_amd64.whl (107 kB)
Collecting threadpoolctl>=3.1.0
  Using cached threadpoolctl-3.6.0-py3-none-any.whl (18 kB)
Collecting cffi>=1.0
  Using cached cffi-2.0.0-cp310-cp310-win_amd64.whl (182 kB)
Collecting importlib-resources>=1.3
  Using cached importlib_resources-6.5.2-py3-none-any.whl (37 kB)
Collecting networkx>=2.5.1
  Using cached networkx-3.4.2-py3-none-any.whl (1.7 MB)
Collecting sympy>=1.13.3
  Using cached sympy-1.14.0-py3-none-any.whl (6.3 MB)
Collecting jinja2
  Using cached jinja2-3.1.6-py3-none-any.whl (134 kB)
Collecting jsonschema-specifications>=2023.03.6
  Using cached jsonschema_specifications-2025.9.1-py3-none-any.whl (18 kB)
Collecting referencing>=0.28.4
  Using cached referencing-0.37.0-py3-none-any.whl (26 kB)
Collecting rpds-py>=0.7.1
  Using cached rpds_py-0.27.1-cp310-cp310-win_amd64.whl (228 kB)
Collecting attrs>=22.2.0
  Using cached attrs-25.4.0-py3-none-any.whl (67 kB)
Collecting pytz>=2020.1
  Using cached pytz-2025.2-py2.py3-none-any.whl (509 kB)
Collecting tzdata>=2022.7
  Using cached tzdata-2025.2-py2.py3-none-any.whl (347 kB)
Collecting multidict<7.0,>=4.5
  Using cached multidict-6.7.0-cp310-cp310-win_amd64.whl (46 kB)
Collecting propcache>=0.2.0
  Using cached propcache-0.4.1-cp310-cp310-win_amd64.whl (41 kB)
Collecting frozenlist>=1.1.1
  Using cached frozenlist-1.8.0-cp310-cp310-win_amd64.whl (43 kB)
Collecting aiosignal>=1.4.0
  Using cached aiosignal-1.4.0-py3-none-any.whl (7.5 kB)
Collecting aiohappyeyeballs>=2.5.0
  Using cached aiohappyeyeballs-2.6.1-py3-none-any.whl (15 kB)
Collecting async-timeout<6.0,>=4.0
  Using cached async_timeout-5.0.1-py3-none-any.whl (6.2 kB)
Collecting yarl<2.0,>=1.17.0
  Using cached yarl-1.22.0-cp310-cp310-win_amd64.whl (86 kB)
Collecting jsonref
  Using cached jsonref-1.1.0-py3-none-any.whl (9.4 kB)
Collecting pycparser
  Using cached pycparser-2.23-py3-none-any.whl (118 kB)
Collecting smmap<6,>=3.0.1
  Using cached smmap-5.0.2-py3-none-any.whl (24 kB)
Collecting mpmath<1.4,>=1.1.0
  Using cached mpmath-1.3.0-py3-none-any.whl (536 kB)
Collecting MarkupSafe>=2.0
  Using cached markupsafe-3.0.3-cp310-cp310-win_amd64.whl (15 kB)
Collecting rfc3986-validator>0.1.0
  Using cached rfc3986_validator-0.1.1-py2.py3-none-any.whl (4.2 kB)
Collecting fqdn
  Using cached fqdn-1.5.1-py3-none-any.whl (9.1 kB)
Collecting jsonpointer>1.13
  Using cached jsonpointer-3.0.0-py2.py3-none-any.whl (7.6 kB)
Collecting webcolors>=24.6.0
  Using cached webcolors-24.11.1-py3-none-any.whl (14 kB)
Collecting rfc3339-validator
  Using cached rfc3339_validator-0.1.4-py2.py3-none-any.whl (3.5 kB)
Collecting uri-template
  Using cached uri_template-1.3.0-py3-none-any.whl (11 kB)
Collecting isoduration
  Using cached isoduration-20.11.0-py3-none-any.whl (11 kB)
Collecting rfc3987-syntax>=1.1.0
  Using cached rfc3987_syntax-1.1.0-py3-none-any.whl (8.0 kB)
Collecting lark>=1.2.2
  Using cached lark-1.3.0-py3-none-any.whl (113 kB)
Collecting arrow>=0.15.0
  Using cached arrow-1.4.0-py3-none-any.whl (68 kB)
Installing collected packages: pytz, mpmath, monotonic, websocket-client, webcolors, urllib3, uri-template, uncertainties, tzdata, typing_extensions, threadpoolctl, sympy, smmap, six, simplejson, rpds-py, rfc3986-validator, PyYAML, PyJWT, pycparser, pyarrow, psutil, protobuf, propcache, ppft, pox, platformdirs, Pillow, packaging, oauthlib, numpy, networkx, msgpack, MarkupSafe, llvmlite, lark, jsonref, jsonpointer, joblib, jmespath, importlib-resources, idna, future, fsspec, frozenlist, fqdn, filelock, dill, decorator, colorama, charset_normalizer, certifi, beartype, audioread, attrs, async-timeout, asteval, aiohappyeyeballs, tqdm, tensorboardX, soxr, scipy, rfc3987-syntax, rfc3339-validator, requests, referencing, python-dateutil, numba, multiprocess, multidict, lightning-utilities, lazy_loader, jinja2, gitdb, click, cffi, aiosignal, yarl, torch, soundfile, scikit-learn, requests-oauthlib, pooch, pathos, pandas, lmfit, jsonschema-specifications, GitPython, botocore, arrow, torchmetrics, s3transfer, librosa, jsonschema, isoduration, aiohttp, swagger-spec-validator, ray, boto3, pytorch-lightning, bravado-core, bravado, neptune-client
